<html>
<body>
<pre>
<h1>礦ision Build Log</h1>
<h2>Tool Versions:</h2>
IDE-Version: μVision V5.24.2.0
Copyright (C) 2017 ARM Ltd and ARM Germany GmbH. All rights reserved.
License Information: A Lenovo, A, LIC=9WSKC-7NWFJ-WF3I7-E1YPB-Y9SMM-EJG9Y
 
Tool Versions:
Toolchain:       MDK-ARM Plus  Version: 5.24.1
Toolchain Path:  D:\keil5\ARM\ARMCC\Bin
C Compiler:      Armcc.exe V5.06 update 5 (build 528)
Assembler:       Armasm.exe V5.06 update 5 (build 528)
Linker/Locator:  ArmLink.exe V5.06 update 5 (build 528)
Library Manager: ArmAr.exe V5.06 update 5 (build 528)
Hex Converter:   FromElf.exe V5.06 update 5 (build 528)
CPU DLL:         SARMCM3.DLL V5.24.1
Dialog DLL:      DCM.DLL V1.16.0.0
Target DLL:      STLink\ST-LINKIII-KEIL_SWO.dll V3.0.1.0
Dialog DLL:      TCM.DLL V1.32.0.0
 
<h2>Project:</h2>
C:\Users\Lenovo\Desktop\成功的代码\stm32\MDK-ARM\stm32.uvprojx
Project File Date:  05/21/2024

<h2>Output:</h2>
*** Using Compiler 'V5.06 update 5 (build 528)', folder: 'D:\keil5\ARM\ARMCC\Bin'
Rebuild target 'stm32'
assembling startup_stm32f103xb.s...
compiling gpio.c...
compiling stm32f1xx_hal_msp.c...
compiling stm32f1xx_it.c...
compiling main.c...
compiling stm32f1xx_hal_gpio_ex.c...
compiling stm32f1xx_hal_rcc_ex.c...
compiling stm32f1xx_hal.c...
compiling tim.c...
compiling i2c.c...
compiling usart.c...
compiling stm32f1xx_hal_gpio.c...
compiling stm32f1xx_hal_rcc.c...
compiling core_json.c...
..\User\core_json.c(193): warning:  #186-D: pointless comparison of unsigned integer with zero
      
ssert( buf[ i ] < '\0' );
..\User\core_json.c(193): warning:  #186-D: pointless comparison of unsigned integer with zero
      
ssert( buf[ i ] < '\0' );
..\User\core_json.c(255): warning:  #186-D: pointless comparison of unsigned integer with zero
          if( buf[ *start ] >= '\0' )
..\User\core_json.c(471): warning:  #186-D: pointless comparison of unsigned integer with zero
                  if( 
scntrl_( c ) )
..\User\core_json.c(531): warning:  #186-D: pointless comparison of unsigned integer with zero
              else if( 
scntrl_( buf[ i ] ) )
..\User\core_json.c: 5 warnings, 0 errors
compiling stm32f1xx_hal_i2c.c...
compiling stm32f1xx_hal_cortex.c...
compiling stm32f1xx_hal_dma.c...
compiling stm32f1xx_hal_flash.c...
compiling stm32f1xx_hal_flash_ex.c...
compiling stm32f1xx_hal_pwr.c...
compiling stm32f1xx_hal_exti.c...
compiling system_stm32f1xx.c...
compiling dht11.c...
compiling stm32f1xx_hal_tim_ex.c...
compiling stm32f1xx_hal_uart.c...
compiling esp8266.c...
compiling main_program.c...
compiling stm32f1xx_hal_tim.c...
compiling oled.c...
compiling uart_printf.c...
..\User\uart_printf.c(9): warning:  #1-D: last line of file ends without a newline
  }
..\User\uart_printf.c: 1 warning, 0 errors
compiling led.c...
compiling time_handle.c...
linking...
Program Size: Code=19684 RO-data=3128 RW-data=52 ZI-data=2988  
FromELF: creating hex file...
"stm32\stm32.axf" - 0 Error(s), 6 Warning(s).

<h2>Software Packages used:</h2>

Package Vendor: ARM
                http://www.keil.com/pack/ARM.CMSIS.5.0.1.pack
                ARM.CMSIS.5.0.1
                CMSIS (Cortex Microcontroller Software Interface Standard)
   * Component: CORE Version: 5.0.1

Package Vendor: Keil
                http://www.keil.com/pack/Keil.STM32F1xx_DFP.2.2.0.pack
                Keil.STM32F1xx_DFP.2.2.0
                STMicroelectronics STM32F1 Series Device Support, Drivers and Examples

<h2>Collection of Component include folders:</h2>
  .\RTE\_stm32
  D:\keil5\ARM\PACK\ARM\CMSIS\5.0.1\CMSIS\Include
  D:\keil5\ARM\PACK\Keil\STM32F1xx_DFP\2.2.0\Device\Include

<h2>Collection of Component Files used:</h2>

   * Component: ARM::CMSIS:CORE:5.0.1
Build Time Elapsed:  00:00:05
</pre>
</body>
</html>
